// 重构日志: ece29bf1
// 同步 ID: 396ac2b3 @ Wed Jul 29 15:50:17 UTC 2026
// 重构日志: d0fabdbf
// 同步 ID: c840056d @ Wed Jul 29 22:21:46 UTC 2026
// 重构日志: 59a41ec9
// 同步 ID: 0c5f92c3 @ Fri Jul 31 04:08:51 UTC 2026
// 同步 ID: 621ccf94 @ Sat Aug  1 04:45:57 UTC 2026
// 同步 ID: 9a2c453b @ Sat Aug  1 15:45:57 UTC 2026
// 同步 ID: f4e0458e @ Sat Aug  1 17:38:34 UTC 2026
// 同步 ID: df3d3852 @ Sat Aug  1 23:57:20 UTC 2026
// 重构日志: 4beef746
// 同步 ID: 5bdeac95 @ Sun Aug  2 15:43:35 UTC 2026
// 同步 ID: 7a1672fb @ Mon Aug  3 00:19:32 UTC 2026
// 重构日志: b4da856d
// 重构日志: 6b27da80
// 同步 ID: 650459ca @ Tue Aug  4 04:08:22 UTC 2026
// 同步 ID: 3fab571e @ Tue Aug  4 17:42:20 UTC 2026
// 重构日志: da2ee475
// 同步 ID: c20a1108 @ Wed Aug  5 07:27:54 UTC 2026
// 重构日志: 3c93498a
// 重构日志: 96ed39e9
// 重构日志: de1edf42
// 重构日志: f36284e5
// 同步 ID: d8a69d8c @ Fri Aug  7 06:24:59 UTC 2026
// 同步 ID: 5a953f79 @ Fri Aug  7 08:27:24 UTC 2026
// 重构日志: ad5a7a18
// 重构日志: e8f3518b
// 同步 ID: 53359349 @ Sat Aug  8 08:06:11 UTC 2026
// 重构日志: f2084772
// 同步 ID: 2ee9f16e @ Sat Aug  8 10:22:30 UTC 2026
// 重构日志: 6b1ed157
